_bbss                           BSS            0x00000000
_bcode                          CODE           0x00000000
_bdata                          DATA           0x00000000
_ebss                           BSS            0x00000B70
_ecode                          CODE           0x000072B0
_edata                          DATA           0x00001A70
addHist                         CODE           0x000053CC
asmInstr                        CODE           0x0000280C
boot                            CODE           0x0000421C
cin                             CODE           0x00000010
cinchk                          CODE           0x0000000C
commands                        DATA           0x00000028
cout                            CODE           0x00000018
coutchk                         CODE           0x00000014
cpuGetBreak                     CODE           0x000043FC
cpuGetPC                        CODE           0x00004354
cpuGetPSW                       CODE           0x000043C0
cpuGetReg                       CODE           0x0000437C
cpuResetBreak                   CODE           0x00004438
cpuRun                          CODE           0x00004AA8
cpuSetBreak                     CODE           0x00004410
cpuSetPC                        CODE           0x00004368
cpuSetPSW                       CODE           0x000043D4
cpuSetReg                       CODE           0x00004398
cpuStep                         CODE           0x000045AC
cpuTestBreak                    CODE           0x000043E8
debugBreak                      CODE           0x000054AC
disasm                          CODE           0x00003820
dskcap                          CODE           0x0000002C
dskio                           CODE           0x00000030
dspinit                         CODE           0x00006BC4
dspout                          CODE           0x00006C0C
dspoutchk                       CODE           0x00006C04
exceptionToString               CODE           0x0000444C
execCommand                     CODE           0x000024B0
getLine                         CODE           0x00005064
getTLB_HI                       CODE           0x000000E8
getTLB_LO                       CODE           0x000000F8
getchar                         CODE           0x00005BB4
initInstrTable                  CODE           0x0000255C
instrCodeTbl                    BSS            0x0000009C
instrTbl                        DATA           0x00000F60
kbdin                           CODE           0x00006840
kbdinchk                        CODE           0x0000682C
kbdinit                         CODE           0x00006828
load                            CODE           0x00003CB8
lookupInstr                     CODE           0x00002680
main                            CODE           0x00000320
mmuGetEntryHi                   CODE           0x00004EF0
mmuGetEntryLo                   CODE           0x00004F18
mmuGetIndex                     CODE           0x00004EC8
mmuGetTLB                       CODE           0x00004F40
mmuReadByte                     CODE           0x00004E98
mmuReadHalf                     CODE           0x00004E8C
mmuReadWord                     CODE           0x00004E80
mmuSetEntryHi                   CODE           0x00004F04
mmuSetEntryLo                   CODE           0x00004F2C
mmuSetIndex                     CODE           0x00004EDC
mmuSetTLB                       CODE           0x00005008
mmuWriteByte                    CODE           0x00004EBC
mmuWriteHalf                    CODE           0x00004EB0
mmuWriteWord                    CODE           0x00004EA4
monitorReturn                   BSS            0x00000000
numCommands                     DATA           0x000000F4
printf                          CODE           0x00006740
putchar                         CODE           0x00005BD8
puts                            CODE           0x00005C14
qsort                           CODE           0x00005B68
resume                          CODE           0x000001C8
saveState                       CODE           0x00000154
sctcapctl                       CODE           0x00006F54
sctcapser                       CODE           0x000070C4
sctioctl                        CODE           0x00006F8C
sctioser                        CODE           0x00007198
ser0in                          CODE           0x00006E98
ser0inchk                       CODE           0x00006E84
ser0out                         CODE           0x00006EC8
ser0outchk                      CODE           0x00006EB4
ser1in                          CODE           0x00006EFC
ser1inchk                       CODE           0x00006EE4
ser1out                         CODE           0x00006F34
ser1outchk                      CODE           0x00006F1C
serinit                         CODE           0x00006E80
setTLB                          CODE           0x00000108
sin                             CODE           0x00000020
sinchk                          CODE           0x0000001C
sout                            CODE           0x00000028
soutchk                         CODE           0x00000024
sprintf                         CODE           0x000067E4
strcat                          CODE           0x0000555C
strchr                          CODE           0x000055A8
strcmp                          CODE           0x000054E8
strcpy                          CODE           0x00005520
strlen                          CODE           0x000054B0
strtok                          CODE           0x000055D8
strtoul                         CODE           0x000058AC
userContext                     BSS            0x00000004
vprintf                         CODE           0x00006700
vsprintf                        CODE           0x0000678C
xltbl1                          CODE           0x000069C4
xltbl2                          CODE           0x00006AC4

CODE     start 0xE0000000     size 0x000072B0
DATA     start 0xC3FFC000     size 0x00001A70
BSS      start 0xC3FFDA70     size 0x00000B70
